// Jest Snapshot v1, https://goo.gl/fbAQLP

exports[`Test suits for DashboardStudent renders 1`] = `ShallowWrapper {}`;
