// Jest Snapshot v1, https://goo.gl/fbAQLP

exports[`Test suits for Navbar renders 1`] = `ShallowWrapper {}`;
